{"rank":1,"score":0.5,"sku":"sku-9553"}
{"rank":2,"score":0.5,"sku":"sku-17813"}
{"rank":3,"score":0.5,"sku":"sku-17163"}
{"rank":4,"score":0.5,"sku":"sku-16617"}
{"rank":5,"score":0.5,"sku":"sku-16612"}
{"rank":6,"score":0.5,"sku":"sku-19231"}
{"rank":7,"score":0.4,"sku":"sku-15279"}
{"rank":8,"score":0.4,"sku":"sku-2417"}
{"rank":9,"score":0.4,"sku":"sku-4380"}
{"rank":10,"score":0.4,"sku":"sku-9512"}
