{"rank":1,"score":0.5,"sku":"sku-2"}
{"rank":2,"score":0.5,"sku":"sku-3"}
{"rank":3,"score":0.0,"sku":"sku-4"}
