{"rank":1,"score":0.67,"sku":"sku-2"}
{"rank":2,"score":0.33,"sku":"sku-3"}
{"rank":3,"score":0.33,"sku":"sku-4"}
{"rank":4,"score":0.0,"sku":"sku-5"}
